=== EMAIL DEBUG LOG ===
Time: 2025-11-03 10:11:33
To: donlyone7tm@gmail.com
Subject: Verify Your FeedLoop Account - OTP Code
Note: Gmail not configured, logged instead
Body: 
        
        
        
            
            Verify Your FeedLoop Account
            
                body { font-family: Arial, sans-serif; line-height: 1.6; color: #333; }
                .container { max-width: 600px; margin: 0 auto; padding: 20px; }
                .header { background: linear-gradient(135deg, #007bff 0%, #0056b3 100%); color: white; padding: 30px; text-align: center; border-radius: 10px 10px 0 0; }
                .content { background: #f8f9fa; padding: 30px; border-radius: 0 0 10px 10px; }
                .otp-code { background: #fff; border: 3px dashed #007bff; padding: 20px; margin: 25px 0; text-align: center; border-radius: 10px; }
                .otp-code h1 { color: #007bff; font-size: 48px; margin: 10px 0; letter-spacing: 8px; font-family: 'Courier New', monospace; }
                .warning { background: #fff3cd; border-left: 4px solid #ffc107; padding: 15px; margin: 20px 0; }
                .footer { text-align: center; margin-top: 30px; color: #666; font-size: 14px; }
                .btn { display: inline-block; padding: 12px 30px; background: #007bff; color: white; text-decoration: none; border-radius: 5px; margin: 20px 0; }
            
        
        
            
                
                    🔐 Verify Your Account
                    FeedLoop Registration
                
                
                    Hello, donlyone7tm!
                    Thank you for registering with FeedLoop! To complete your registration and verify your email address, please use the verification code below:
                    
                    
                        Your Verification Code:
                        206824
                        This code expires in 15 minutes
                    
                    
                    To complete your registration:
                    
                        Return to the FeedLoop registration page
                        Enter the verification code above
                        Complete your account setup
                    
                    
                    
                        ⚠️ Security Notice: If you didn't request this verification code, please ignore this email. Your account will not be created without verification.
                    
                    
                    Welcome to FeedLoop - Your modern feedback management system!
                    
                    Best regards,The FeedLoop Team
                
                
                    This is an automated message from FeedLoop System.
                    © 2025 FeedLoop. All rights reserved.
                
            
        
        
========================

=== EMAIL DEBUG LOG ===
Time: 2025-11-03 10:15:08
To: donlyone7tm@gmail.com
Subject: Verify Your FeedLoop Account - OTP Code
Note: Gmail not configured, logged instead
Body: 
        
        
        
            
            Verify Your FeedLoop Account
            
                body { font-family: Arial, sans-serif; line-height: 1.6; color: #333; }
                .container { max-width: 600px; margin: 0 auto; padding: 20px; }
                .header { background: linear-gradient(135deg, #007bff 0%, #0056b3 100%); color: white; padding: 30px; text-align: center; border-radius: 10px 10px 0 0; }
                .content { background: #f8f9fa; padding: 30px; border-radius: 0 0 10px 10px; }
                .otp-code { background: #fff; border: 3px dashed #007bff; padding: 20px; margin: 25px 0; text-align: center; border-radius: 10px; }
                .otp-code h1 { color: #007bff; font-size: 48px; margin: 10px 0; letter-spacing: 8px; font-family: 'Courier New', monospace; }
                .warning { background: #fff3cd; border-left: 4px solid #ffc107; padding: 15px; margin: 20px 0; }
                .footer { text-align: center; margin-top: 30px; color: #666; font-size: 14px; }
                .btn { display: inline-block; padding: 12px 30px; background: #007bff; color: white; text-decoration: none; border-radius: 5px; margin: 20px 0; }
            
        
        
            
                
                    🔐 Verify Your Account
                    FeedLoop Registration
                
                
                    Hello, donlyone7tm!
                    Thank you for registering with FeedLoop! To complete your registration and verify your email address, please use the verification code below:
                    
                    
                        Your Verification Code:
                        697233
                        This code expires in 15 minutes
                    
                    
                    To complete your registration:
                    
                        Return to the FeedLoop registration page
                        Enter the verification code above
                        Complete your account setup
                    
                    
                    
                        ⚠️ Security Notice: If you didn't request this verification code, please ignore this email. Your account will not be created without verification.
                    
                    
                    Welcome to FeedLoop - Your modern feedback management system!
                    
                    Best regards,The FeedLoop Team
                
                
                    This is an automated message from FeedLoop System.
                    © 2025 FeedLoop. All rights reserved.
                
            
        
        
========================

=== EMAIL DEBUG LOG ===
Time: 2025-11-03 10:21:30
To: fredrexsalac@gmail.com
Subject: Verify Your FeedLoop Account - OTP Code
Note: Gmail SMTP failed, logged instead
Body: 
        
        
        
            
            Verify Your FeedLoop Account
            
                body { font-family: Arial, sans-serif; line-height: 1.6; color: #333; }
                .container { max-width: 600px; margin: 0 auto; padding: 20px; }
                .header { background: linear-gradient(135deg, #007bff 0%, #0056b3 100%); color: white; padding: 30px; text-align: center; border-radius: 10px 10px 0 0; }
                .content { background: #f8f9fa; padding: 30px; border-radius: 0 0 10px 10px; }
                .otp-code { background: #fff; border: 3px dashed #007bff; padding: 20px; margin: 25px 0; text-align: center; border-radius: 10px; }
                .otp-code h1 { color: #007bff; font-size: 48px; margin: 10px 0; letter-spacing: 8px; font-family: 'Courier New', monospace; }
                .warning { background: #fff3cd; border-left: 4px solid #ffc107; padding: 15px; margin: 20px 0; }
                .footer { text-align: center; margin-top: 30px; color: #666; font-size: 14px; }
                .btn { display: inline-block; padding: 12px 30px; background: #007bff; color: white; text-decoration: none; border-radius: 5px; margin: 20px 0; }
            
        
        
            
                
                    🔐 Verify Your Account
                    FeedLoop Registration
                
                
                    Hello, Test User!
                    Thank you for registering with FeedLoop! To complete your registration and verify your email address, please use the verification code below:
                    
                    
                        Your Verification Code:
                        123456
                        This code expires in 15 minutes
                    
                    
                    To complete your registration:
                    
                        Return to the FeedLoop registration page
                        Enter the verification code above
                        Complete your account setup
                    
                    
                    
                        ⚠️ Security Notice: If you didn't request this verification code, please ignore this email. Your account will not be created without verification.
                    
                    
                    Welcome to FeedLoop - Your modern feedback management system!
                    
                    Best regards,The FeedLoop Team
                
                
                    This is an automated message from FeedLoop System.
                    © 2025 FeedLoop. All rights reserved.
                
            
        
        
========================

